// Jest Snapshot v1, https://goo.gl/fbAQLP

exports[`should render correctly with props 1`] = `
<div>
  <div>
    You
  </div>
  <div>
    10
  </div>
</div>
`;
